x T pdf
x res 72000 1 1
x init
p1
V12000
H72000
DFd
wx font 5 TR
f5
s32000
h8000
v96000
md
tABC
wh8000
t`123'
wh8000
tXYZ
n12000 0
x trailer
V792000
x stop
