x T pdf
x res 72000 1 1
x init
x F fixtures/circles-2.pic
p1
V12000
H72000
DFd
h54000
n12000 0
V12000
H72000
n12000 0
V12000
H72000
DFg 0
h18000
md
s10000
DP 7200 -1800 0 3600
n12000 0
V12000
H72000
Dt 100 0
H72000
n12000 0
V12000
H90000
Dp 7200 -1800 0 3600
n12000 0
V12000
H72000
Dt -1000 0
h1000
n12000 0
V12000
H126000
Dl -28800 0
n12000 0
V12000
H90000
Da 0 18000 -18000 0
n12000 0
x trailer
V792000
x stop
