x T pdf
x res 72000 1 1
x init
x F -
p1
V12000
H72000
DFd
h441000
n12000 0
V12000
H72000
md
s10000
Dt -1000 0
h1000
n12000 0
V48000
H126000
Dp 0 -36000 -54000 0 0 36000
n12000 0
x font 38 TB
f38
V26200
H92890
tms
n12000 0
x font 5 TR
f5
V38200
H84005
tsources
n12000 0
V48000
H216000
Dp 0 -36000 -54000 0 0 36000
n12000 0
f38
V26200
H173720
tHTML
n12000 0
f5
V38200
H174005
tsources
n12000 0
V48000
H360000
Dp 0 -36000 -108000 0 0 36000
n12000 0
f38
V26200
H275995
tlinuxdoc-sgml
n12000 0
f5
V38200
H291005
tsources
n12000 0
V48000
H450000
Dp 0 -36000 -54000 0 0 36000
n12000 0
f38
V26200
H407195
tT
H412945
texinf
H433805
to
n12000 0
f5
V38200
H408005
tsources
n12000 0
V48000
H99000
Dl 0 36000
n12000 0
V84000
H99000
Dl 0 18000
n12000 0
V48000
H189000
Dl 0 18000
n12000 0
V75000
H162000
Da 9000 0 0 9000
n12000 0
V66000
H171000
Da 0 9000 -9000 0
n12000 0
V75000
H216000
Da -9000 0 0 -9000
n12000 0
V84000
H207000
Da 0 -9000 9000 0
n12000 0
V75000
H162000
Dl 0 0
n12000 0
V66000
H171000
Dl 36000 0
n12000 0
V75000
H216000
Dl 0 0
n12000 0
V84000
H207000
Dl -36000 0
n12000 0
f38
V77200
H170390
thtml2ms
n12000 0
V84000
H189000
Dl 0 18000
n12000 0
V48000
H306000
Dl 0 18000
n12000 0
V75000
H279000
Da 9000 0 0 9000
n12000 0
V66000
H288000
Da 0 9000 -9000 0
n12000 0
V75000
H333000
Da -9000 0 0 -9000
n12000 0
V84000
H324000
Da 0 -9000 9000 0
n12000 0
V75000
H279000
Dl 0 0
n12000 0
V66000
H288000
Dl 36000 0
n12000 0
V75000
H333000
Dl 0 0
n12000 0
V84000
H324000
Dl -36000 0
n12000 0
V77200
H291410
tf
H294490
tormat
n12000 0
V84000
H306000
Dl 0 18000
n12000 0
V48000
H423000
Dl 0 18000
n12000 0
V75000
H396000
Da 9000 0 0 9000
n12000 0
V66000
H405000
Da 0 9000 -9000 0
n12000 0
V75000
H450000
Da -9000 0 0 -9000
n12000 0
V84000
H441000
Da 0 -9000 9000 0
n12000 0
V75000
H396000
Dl 0 0
n12000 0
V66000
H405000
Dl 36000 0
n12000 0
V75000
H450000
Dl 0 0
n12000 0
V84000
H441000
Dl -36000 0
n12000 0
V77200
H404765
ttexi2r
H429575
toff
n12000 0
V84000
H423000
Dl 0 18000
n12000 0
V228000
H297000
Dp 0 -54000 -72000 0 0 54000
n12000 0
V191200
H254890
tms
n12000 0
f5
V203200
H236005
tintermediate
n12000 0
V215200
H251280
tform
n12000 0
V12000
H72000
n12000 0
V12000
H72000
DFg 0
h153000
v162000
DP -7128 -2016 1800 -3096
n12000 0
V12000
H72000
Dt 100 0
H72000
n12000 0
V174000
H225000
Dp -7128 -2016 1800 -3096
n12000 0
V12000
H72000
Dt -1000 0
h1000
n12000 0
V102000
H99000
Dl 119736 68400
n12000 0
V174000
H248976
DP -5976 -4392 2736 -2304
n12000 0
V12000
H72000
Dt 100 0
H72000
n12000 0
V174000
H248976
Dp -5976 -4392 2736 -2304
n12000 0
V12000
H72000
Dt -1000 0
h1000
n12000 0
V102000
H189000
Dl 55368 66456
n12000 0
V174000
H273024
DP 1368 -7272 3240 1512
n12000 0
V12000
H72000
Dt 100 0
H72000
n12000 0
V174000
H273024
Dp 1368 -7272 3240 1512
n12000 0
V12000
H72000
Dt -1000 0
h1000
n12000 0
V102000
H306000
Dl -30024 65448
n12000 0
V174000
H297000
DP 5328 -5112 1800 3096
n12000 0
V12000
H72000
Dt 100 0
H72000
n12000 0
V174000
H297000
Dp 5328 -5112 1800 3096
n12000 0
V12000
H72000
Dt -1000 0
h1000
n12000 0
V102000
H423000
Dl -119736 68400
n12000 0
V264000
H189000
DP -1800 -7200 3600 0
n12000 0
V12000
H72000
Dt 100 0
H72000
n12000 0
V264000
H189000
Dp -1800 -7200 3600 0
n12000 0
V12000
H72000
Dt -1000 0
h1000
n12000 0
V228000
H225000
Dl -36000 18000
n12000 0
V246000
H189000
Dl 0 10800
n12000 0
V273000
H162000
Da 9000 0 0 9000
n12000 0
V264000
H171000
Da 0 9000 -9000 0
n12000 0
V273000
H216000
Da -9000 0 0 -9000
n12000 0
V282000
H207000
Da 0 -9000 9000 0
n12000 0
V273000
H162000
Dl 0 0
n12000 0
V264000
H171000
Dl 36000 0
n12000 0
V273000
H216000
Dl 0 0
n12000 0
V282000
H207000
Dl -36000 0
n12000 0
f38
V275200
H182610
tpic
n12000 0
V300000
H189000
DP -1800 -7200 3600 0
n12000 0
V12000
H72000
Dt 100 0
H72000
n12000 0
V300000
H189000
Dp -1800 -7200 3600 0
n12000 0
V12000
H72000
Dt -1000 0
h1000
n12000 0
V282000
H189000
Dl 0 10800
n12000 0
V309000
H162000
Da 9000 0 0 9000
n12000 0
V300000
H171000
Da 0 9000 -9000 0
n12000 0
V309000
H216000
Da -9000 0 0 -9000
n12000 0
V318000
H207000
Da 0 -9000 9000 0
n12000 0
V309000
H162000
Dl 0 0
n12000 0
V300000
H171000
Dl 36000 0
n12000 0
V309000
H216000
Dl 0 0
n12000 0
V318000
H207000
Dl -36000 0
n12000 0
V311200
H181220
teqn
n12000 0
V336000
H189000
DP -1800 -7200 3600 0
n12000 0
V12000
H72000
Dt 100 0
H72000
n12000 0
V336000
H189000
Dp -1800 -7200 3600 0
n12000 0
V12000
H72000
Dt -1000 0
h1000
n12000 0
V318000
H189000
Dl 0 10800
n12000 0
V345000
H162000
Da 9000 0 0 9000
n12000 0
V336000
H171000
Da 0 9000 -9000 0
n12000 0
V345000
H216000
Da -9000 0 0 -9000
n12000 0
V354000
H207000
Da 0 -9000 9000 0
n12000 0
V345000
H162000
Dl 0 0
n12000 0
V336000
H171000
Dl 36000 0
n12000 0
V345000
H216000
Dl 0 0
n12000 0
V354000
H207000
Dl -36000 0
n12000 0
V347200
H183165
ttbl
n12000 0
V372000
H189000
DP -1800 -7200 3600 0
n12000 0
V12000
H72000
Dt 100 0
H72000
n12000 0
V372000
H189000
Dp -1800 -7200 3600 0
n12000 0
V12000
H72000
Dt -1000 0
h1000
n12000 0
V354000
H189000
Dl 0 10800
n12000 0
V381000
H162000
Da 9000 0 0 9000
n12000 0
V372000
H171000
Da 0 9000 -9000 0
n12000 0
V381000
H216000
Da -9000 0 0 -9000
n12000 0
V390000
H207000
Da 0 -9000 9000 0
n12000 0
V381000
H162000
Dl 0 0
n12000 0
V372000
H171000
Dl 36000 0
n12000 0
V381000
H216000
Dl 0 0
n12000 0
V390000
H207000
Dl -36000 0
n12000 0
V383200
H178540
tgr
H187800
toff
n12000 0
V408000
H189000
DP -1800 -7200 3600 0
n12000 0
V12000
H72000
Dt 100 0
H72000
n12000 0
V408000
H189000
Dp -1800 -7200 3600 0
n12000 0
V12000
H72000
Dt -1000 0
h1000
n12000 0
V390000
H189000
Dl 0 10800
n12000 0
V444000
H216000
Dp 0 -36000 -54000 0 0 36000
n12000 0
f5
V428200
H168440
tPostScript
n12000 0
V264000
H333000
DP -1800 -7200 3600 0
n12000 0
V12000
H72000
Dt 100 0
H72000
n12000 0
V264000
H333000
Dp -1800 -7200 3600 0
n12000 0
V12000
H72000
Dt -1000 0
h1000
n12000 0
V228000
H297000
Dl 36000 18000
n12000 0
V246000
H333000
Dl 0 10800
n12000 0
V279336
H357336
Dl 0 0
n12000 0
V276456
H359280
Dl 0 0
n12000 0
V273000
H360000
Dl 0 0
n12000 0
V273000
H360000
Dl 0 0
n12000 0
V269544
H359280
Dl 0 0
n12000 0
V266664
H357336
Dl 0 0
n12000 0
V264648
H354384
Dl 0 0
n12000 0
V264000
H350928
Dl 0 0
n12000 0
V264000
H347328
Dl 0 0
n12000 0
V264000
H343728
Dl 0 0
n12000 0
V264000
H340128
Dl 0 0
n12000 0
V264000
H336600
Dl 0 0
n12000 0
V264000
H333000
Dl 0 0
n12000 0
V264000
H329400
Dl 0 0
n12000 0
V264000
H325872
Dl 0 0
n12000 0
V264000
H322272
Dl 0 0
n12000 0
V264000
H318672
Dl 0 0
n12000 0
V264000
H315072
Dl 0 0
n12000 0
V264648
H311616
Dl 0 0
n12000 0
V266664
H308664
Dl 0 0
n12000 0
V269544
H306720
Dl 0 0
n12000 0
V273000
H306000
Dl 0 0
n12000 0
V273000
H306000
Dl 0 0
n12000 0
V276456
H306720
Dl 0 0
n12000 0
V279336
H308664
Dl 0 0
n12000 0
V281352
H311616
Dl 0 0
n12000 0
V282000
H315072
Dl 0 0
n12000 0
V282000
H318672
Dl 0 0
n12000 0
V282000
H322272
Dl 0 0
n12000 0
V282000
H325872
Dl 0 0
n12000 0
V282000
H329400
Dl 0 0
n12000 0
V282000
H333000
Dl 0 0
n12000 0
V282000
H336600
Dl 0 0
n12000 0
V282000
H340128
Dl 0 0
n12000 0
V282000
H343728
Dl 0 0
n12000 0
V282000
H347328
Dl 0 0
n12000 0
V282000
H350928
Dl 0 0
n12000 0
V281352
H354384
Dl 0 0
n12000 0
f38
V275200
H316055
tpic2img
n12000 0
V300000
H333000
DP -1800 -7200 3600 0
n12000 0
V12000
H72000
Dt 100 0
H72000
n12000 0
V300000
H333000
Dp -1800 -7200 3600 0
n12000 0
V12000
H72000
Dt -1000 0
h1000
n12000 0
V282000
H333000
Dl 0 10800
n12000 0
V315336
H357336
Dl 0 0
n12000 0
V312456
H359280
Dl 0 0
n12000 0
V309000
H360000
Dl 0 0
n12000 0
V309000
H360000
Dl 0 0
n12000 0
V305544
H359280
Dl 0 0
n12000 0
V302664
H357336
Dl 0 0
n12000 0
V300648
H354384
Dl 0 0
n12000 0
V300000
H350928
Dl 0 0
n12000 0
V300000
H347328
Dl 0 0
n12000 0
V300000
H343728
Dl 0 0
n12000 0
V300000
H340128
Dl 0 0
n12000 0
V300000
H336600
Dl 0 0
n12000 0
V300000
H333000
Dl 0 0
n12000 0
V300000
H329400
Dl 0 0
n12000 0
V300000
H325872
Dl 0 0
n12000 0
V300000
H322272
Dl 0 0
n12000 0
V300000
H318672
Dl 0 0
n12000 0
V300000
H315072
Dl 0 0
n12000 0
V300648
H311616
Dl 0 0
n12000 0
V302664
H308664
Dl 0 0
n12000 0
V305544
H306720
Dl 0 0
n12000 0
V309000
H306000
Dl 0 0
n12000 0
V309000
H306000
Dl 0 0
n12000 0
V312456
H306720
Dl 0 0
n12000 0
V315336
H308664
Dl 0 0
n12000 0
V317352
H311616
Dl 0 0
n12000 0
V318000
H315072
Dl 0 0
n12000 0
V318000
H318672
Dl 0 0
n12000 0
V318000
H322272
Dl 0 0
n12000 0
V318000
H325872
Dl 0 0
n12000 0
V318000
H329400
Dl 0 0
n12000 0
V318000
H333000
Dl 0 0
n12000 0
V318000
H336600
Dl 0 0
n12000 0
V318000
H340128
Dl 0 0
n12000 0
V318000
H343728
Dl 0 0
n12000 0
V318000
H347328
Dl 0 0
n12000 0
V318000
H350928
Dl 0 0
n12000 0
V317352
H354384
Dl 0 0
n12000 0
V311200
H312720
teqn2html
n12000 0
V336000
H333000
DP -1800 -7200 3600 0
n12000 0
V12000
H72000
Dt 100 0
H72000
n12000 0
V336000
H333000
Dp -1800 -7200 3600 0
n12000 0
V12000
H72000
Dt -1000 0
h1000
n12000 0
V318000
H333000
Dl 0 10800
n12000 0
V351336
H357336
Dl 0 0
n12000 0
V348456
H359280
Dl 0 0
n12000 0
V345000
H360000
Dl 0 0
n12000 0
V345000
H360000
Dl 0 0
n12000 0
V341544
H359280
Dl 0 0
n12000 0
V338664
H357336
Dl 0 0
n12000 0
V336648
H354384
Dl 0 0
n12000 0
V336000
H350928
Dl 0 0
n12000 0
V336000
H347328
Dl 0 0
n12000 0
V336000
H343728
Dl 0 0
n12000 0
V336000
H340128
Dl 0 0
n12000 0
V336000
H336600
Dl 0 0
n12000 0
V336000
H333000
Dl 0 0
n12000 0
V336000
H329400
Dl 0 0
n12000 0
V336000
H325872
Dl 0 0
n12000 0
V336000
H322272
Dl 0 0
n12000 0
V336000
H318672
Dl 0 0
n12000 0
V336000
H315072
Dl 0 0
n12000 0
V336648
H311616
Dl 0 0
n12000 0
V338664
H308664
Dl 0 0
n12000 0
V341544
H306720
Dl 0 0
n12000 0
V345000
H306000
Dl 0 0
n12000 0
V345000
H306000
Dl 0 0
n12000 0
V348456
H306720
Dl 0 0
n12000 0
V351336
H308664
Dl 0 0
n12000 0
V353352
H311616
Dl 0 0
n12000 0
V354000
H315072
Dl 0 0
n12000 0
V354000
H318672
Dl 0 0
n12000 0
V354000
H322272
Dl 0 0
n12000 0
V354000
H325872
Dl 0 0
n12000 0
V354000
H329400
Dl 0 0
n12000 0
V354000
H333000
Dl 0 0
n12000 0
V354000
H336600
Dl 0 0
n12000 0
V354000
H340128
Dl 0 0
n12000 0
V354000
H343728
Dl 0 0
n12000 0
V354000
H347328
Dl 0 0
n12000 0
V354000
H350928
Dl 0 0
n12000 0
V353352
H354384
Dl 0 0
n12000 0
V347200
H314665
ttbl2html
n12000 0
V372000
H333000
DP -1800 -7200 3600 0
n12000 0
V12000
H72000
Dt 100 0
H72000
n12000 0
V372000
H333000
Dp -1800 -7200 3600 0
n12000 0
V12000
H72000
Dt -1000 0
h1000
n12000 0
V354000
H333000
Dl 0 10800
n12000 0
V381000
H306000
Da 9000 0 0 9000
n12000 0
V372000
H315000
Da 0 9000 -9000 0
n12000 0
V381000
H360000
Da -9000 0 0 -9000
n12000 0
V390000
H351000
Da 0 -9000 9000 0
n12000 0
V381000
H306000
Dl 0 0
n12000 0
V372000
H315000
Dl 36000 0
n12000 0
V381000
H360000
Dl 0 0
n12000 0
V390000
H351000
Dl -36000 0
n12000 0
V383200
H314390
tms2html
n12000 0
V408000
H333000
DP -1800 -7200 3600 0
n12000 0
V12000
H72000
Dt 100 0
H72000
n12000 0
V408000
H333000
Dp -1800 -7200 3600 0
n12000 0
V12000
H72000
Dt -1000 0
h1000
n12000 0
V390000
H333000
Dl 0 10800
n12000 0
V444000
H360000
Dp 0 -36000 -54000 0 0 36000
n12000 0
f5
V428200
H318835
tHTML
n12000 0
V327000
H441000
Dl 3600 0
n12000 0
V327000
H448632
Dl 3600 0
n12000 0
V327000
H456192
Dl 3600 0
n12000 0
V327000
H463824
Dl 3600 0
n12000 0
V327000
H471384
Dl 3600 0
n12000 0
V327000
H479016
Dl 3600 0
n12000 0
V327000
H486576
Dl 3600 0
n12000 0
V327000
H494208
Dl 3600 0
n12000 0
V327000
H501768
Dl 3600 0
n12000 0
V327000
H509400
Dl 3600 0
n12000 0
V327000
H513000
Dl 0 -3600
n12000 0
V320520
H513000
Dl 0 -3600
n12000 0
V314040
H513000
Dl 0 -3600
n12000 0
V307560
H513000
Dl 0 -3600
n12000 0
V301080
H513000
Dl 0 -3600
n12000 0
V294600
H513000
Dl 0 -3600
n12000 0
V291000
H513000
Dl -3600 0
n12000 0
V291000
H505368
Dl -3600 0
n12000 0
V291000
H497808
Dl -3600 0
n12000 0
V291000
H490176
Dl -3600 0
n12000 0
V291000
H482616
Dl -3600 0
n12000 0
V291000
H474984
Dl -3600 0
n12000 0
V291000
H467424
Dl -3600 0
n12000 0
V291000
H459792
Dl -3600 0
n12000 0
V291000
H452232
Dl -3600 0
n12000 0
V291000
H444600
Dl -3600 0
n12000 0
V291000
H441000
Dl 0 3600
n12000 0
V297480
H441000
Dl 0 3600
n12000 0
V303960
H441000
Dl 0 3600
n12000 0
V310440
H441000
Dl 0 3600
n12000 0
V316920
H441000
Dl 0 3600
n12000 0
V323400
H441000
Dl 0 3600
n12000 0
V305200
H454085
tThese
wh2500
ttools
n12000 0
V317200
H448555
tdon'
H466705
tt
wh2500
tyet
wh2500
te
H490995
txist
n12000 0
V274584
H367056
DP 7416 -216 -792 3528
n12000 0
V12000
H72000
Dt 100 0
H72000
n12000 0
V274584
H367056
Dp 7416 -216 -792 3528
n12000 0
V12000
H72000
Dt -1000 0
h1000
n12000 0
V291000
H441000
Dl -3528 -792
n12000 0
V289416
H433944
Dl -3528 -792
n12000 0
V287832
H426888
Dl -3528 -792
n12000 0
V286320
H419832
Dl -3528 -792
n12000 0
V284736
H412776
Dl -3528 -792
n12000 0
V283152
H405792
Dl -3528 -792
n12000 0
V281568
H398736
Dl -3528 -792
n12000 0
V280056
H391680
Dl -3528 -792
n12000 0
V278472
H384624
Dl -3528 -792
n12000 0
V276888
H377568
Dl -3528 -792
n12000 0
V309000
H367200
DP 7200 -1800 0 3600
n12000 0
V12000
H72000
Dt 100 0
H72000
n12000 0
V309000
H367200
Dp 7200 -1800 0 3600
n12000 0
V12000
H72000
Dt -1000 0
h1000
n12000 0
V309000
H441000
Dl -3600 0
n12000 0
V309000
H434016
Dl -3600 0
n12000 0
V309000
H427032
Dl -3600 0
n12000 0
V309000
H419976
Dl -3600 0
n12000 0
V309000
H412992
Dl -3600 0
n12000 0
V309000
H406008
Dl -3600 0
n12000 0
V309000
H399024
Dl -3600 0
n12000 0
V309000
H391968
Dl -3600 0
n12000 0
V309000
H384984
Dl -3600 0
n12000 0
V309000
H378000
Dl -3600 0
n12000 0
V343416
H367056
DP 6624 -3312 792 3528
n12000 0
V12000
H72000
Dt 100 0
H72000
n12000 0
V343416
H367056
Dp 6624 -3312 792 3528
n12000 0
V12000
H72000
Dt -1000 0
h1000
n12000 0
V327000
H441000
Dl -3528 792
n12000 0
V328584
H433944
Dl -3528 792
n12000 0
V330168
H426888
Dl -3528 792
n12000 0
V331680
H419832
Dl -3528 792
n12000 0
V333264
H412776
Dl -3528 792
n12000 0
V334848
H405792
Dl -3528 792
n12000 0
V336432
H398736
Dl -3528 792
n12000 0
V337944
H391680
Dl -3528 792
n12000 0
V339528
H384624
Dl -3528 792
n12000 0
V341112
H377568
Dl -3528 792
n12000 0
x trailer
V792000
x stop
