x T pdf
x res 72000 1 1
x init
p1
V12000
H72000
H1440
V-52800
DFr 48830 48830 48830
md
DF       r        0 0 48830
s10000
DP 0 396000 608400 0 0 -342000 -608400 0
n12000 0
x font 5 TR
f5
s72000
V84000
H72000
tBO
H169128
tX
h18000
tWIDTH
h18000
t=
n72000 0
V156000
H72000
t8
h18000
tinches
n72000 0
x trailer
V792000
x stop
