x T pdf
x res 72000 1 1
x init
p1
V12000
H72000
DFd
H1440
V-52800
md
DFr 48830 0 0
s10000
DP 0 820800 608400 0 0 -820800 -608400 0
n12000 0
x font 5 TR
f5
s72000
V84000
H72000
tP
H105408
tA
H154512
tGE
h18000
tWIDTH
h18000
t=
n72000 0
V156000
H72000
t8.5
h18000
tinches
n72000 0
V372000
H72000
tP
H105408
C[
H154512
tGE
h18000
tHEIGHT
h18000
t=
n72000 0
V444000
H72000
t11
h18000
tinches
n72000 0
x trailer
V792000
x stop
