x T pdf
x res 72000 1 1
x init
x F fixtures/x.pic
p1
V12000
H72000
DFd
h72000
n12000 0
V12000
H72000
n12000 0
V12000
H72000
DFg 0
h36000
v36000
md
s10000
DP -6336 -3816 2520 -2520
n12000 0
V12000
H72000
Dt 100 0
H72000
n12000 0
V48000
H108000
Dp -6336 -3816 2520 -2520
n12000 0
V12000
H72000
Dt -1000 0
h1000
n12000 0
V12000
H72000
Dl 30888 30888
n12000 0
V30000
H90000
x font 5 TR
f5
V30000
H90000
x X ps: exec gsave currentpoint 2 copy translate 35.0000 rotate neg exch neg exch translate
n12000 0
V32200
H74165
tCaption
n12000 0
V12000
H72000
V12000
H72000
x X ps: exec grestore
n12000 0
V12000
H108000
DP 6336 3816 -2520 2520
n12000 0
V12000
H72000
Dt 100 0
H72000
n12000 0
V12000
H108000
Dp 6336 3816 -2520 2520
n12000 0
V12000
H72000
Dt -1000 0
h1000
n12000 0

n12000 0
V30000
H126000
V30000
H126000
x Slant 50
x X ps: exec gsave currentpoint 2 copy translate -135.0000 rotate neg exch neg exch translate
n12000 0
V48000
H144000
cA
Dl -30888 -30888

V32200
H111075
tF
H116485
tooBar
cZ
n12000 0
V12000
H72000
cA
Dp 0 -36000 -108000 0 0 36000
cZ
V12000
H72000
x X ps: exec grestore
n12000 0
h-20000
tyea
x trailer
V792000
x stop
